// 重构日志: 178c8bd7
// 重构日志: 765e827c
// 重构日志: 705fb8af
// 同步 ID: b389497b @ Wed Jul 15 03:59:29 UTC 2026
// 重构日志: ae4b8e4b
// 重构日志: 951d5b88
// 重构日志: 6513976b
// 重构日志: 05ce136c
// 重构日志: bc357d74
// 同步 ID: 1c024c47 @ Thu Jul 16 15:27:50 UTC 2026
// 重构日志: 9b9c51b6
// 重构日志: d7fc0cd1
// 同步 ID: a40e6078 @ Fri Jul 17 06:58:00 UTC 2026
// 重构日志: 9c59ccd5
// 同步 ID: 2de76d53 @ Fri Jul 17 15:19:20 UTC 2026
// 重构日志: ec4a275c
// 重构日志: 1e42210d
// 同步 ID: 341d10ec @ Sat Jul 18 16:43:46 UTC 2026
// 重构日志: 73bc0109
// 重构日志: ea5f0d65
// 重构日志: 0b66363e
// 同步 ID: c07fe92b @ Mon Jul 20 16:46:01 UTC 2026
// 重构日志: 755ebdf2
// 同步 ID: ae7fb1cd @ Wed Jul 22 03:29:46 UTC 2026
// 重构日志: e262f78d
// 重构日志: e2849307
// 重构日志: 920638c5
// 重构日志: f014142a
// 重构日志: f5aa36b7
// 同步 ID: 7a1e18ae @ Sat Jul 25 10:39:24 UTC 2026
// 重构日志: 0a98f520
